// Jest Snapshot v1, https://goo.gl/fbAQLP

exports[`PageHeader renders empty PageHeader 1`] = `
<Fragment>
  <section
    className="page-header-nav-container"
  />
  <section
    className="page-header-category-title page-header-bg-undefined"
  >
    <h1
      className="title"
    />
  </section>
</Fragment>
`;
