// Jest Snapshot v1, https://goo.gl/fbAQLP

exports[`Carousel renders Carousel 1`] = `
<n
  className="carousel-provider"
  currentSlide={0}
  disableAnimation={false}
  disableKeyboard={false}
  dragEnabled={true}
  dragStep={1}
  hasMasterSpinner={true}
  infinite={true}
  interval={5000}
  isIntrinsicHeight={false}
  isPageScrollLocked={false}
  isPlaying={true}
  lockOnWindowScroll={false}
  naturalSlideHeight={9}
  naturalSlideWidth={16}
  orientation="horizontal"
  playDirection="forward"
  step={1}
  tag="div"
  totalSlides={3}
  touchEnabled={true}
  visibleSlides={1}
>
  <n
    className="slider"
  >
    <n
      className="slide"
      index={0}
    >
      <SlideContent
        text="Reading provides you with wisdom"
        title="Keep Reading"
      />
      <n
        alt="beautiful library interior"
        src="lib-photo-1-sm.jpg"
        srcSet="lib-photo-1-sm.jpg 640w,
                                    lib-photo-1-md.jpg 1024w,
                                    lib-photo-1-lg.jpg 2400w,"
      />
    </n>
    <n
      className="slide"
      index={1}
    >
      <SlideContent
        text="Learn from the experience of others"
        title="Knowledge Is Power"
      />
      <n
        alt="beautiful library interior"
        src="lib-photo-2-sm.jpg"
        srcSet="lib-photo-2-sm.jpg 640w,
                                    lib-photo-2-md.jpg 1024w,
                                    lib-photo-2-lg.jpg 2400w,"
      />
    </n>
    <n
      className="slide"
      index={2}
    >
      <SlideContent
        text="Read and relax after a long day"
        title="Reading Is Fun"
      />
      <n
        alt="beautiful library interior"
        src="lib-photo-3-sm.jpg"
        srcSet="lib-photo-3-sm.jpg 640w,
                                    lib-photo-3-md.jpg 1024w,
                                    lib-photo-3-lg.jpg 2400w,"
      />
    </n>
  </n>
  <n
    className="carousel-btn"
  >
    <span
      aria-label="left arrow icon"
      role="img"
    >
      <FontAwesomeIcon
        border={false}
        className=""
        fixedWidth={false}
        flip={null}
        icon={
          Object {
            "icon": Array [
              256,
              512,
              Array [],
              "f104",
              "M31.7 239l136-136c9.4-9.4 24.6-9.4 33.9 0l22.6 22.6c9.4 9.4 9.4 24.6 0 33.9L127.9 256l96.4 96.4c9.4 9.4 9.4 24.6 0 33.9L201.7 409c-9.4 9.4-24.6 9.4-33.9 0l-136-136c-9.5-9.4-9.5-24.6-.1-34z",
            ],
            "iconName": "angle-left",
            "prefix": "fas",
          }
        }
        inverse={false}
        listItem={false}
        mask={null}
        pull={null}
        pulse={false}
        rotation={null}
        size={null}
        spin={false}
        swapOpacity={false}
        symbol={false}
        title=""
        transform={null}
      />
    </span>
  </n>
  <n
    className="carousel-btn crs-btn-next"
  >
    <span
      aria-label="right arrow icon"
      role="img"
    >
      <FontAwesomeIcon
        border={false}
        className=""
        fixedWidth={false}
        flip={null}
        icon={
          Object {
            "icon": Array [
              256,
              512,
              Array [],
              "f105",
              "M224.3 273l-136 136c-9.4 9.4-24.6 9.4-33.9 0l-22.6-22.6c-9.4-9.4-9.4-24.6 0-33.9l96.4-96.4-96.4-96.4c-9.4-9.4-9.4-24.6 0-33.9L54.3 103c9.4-9.4 24.6-9.4 33.9 0l136 136c9.5 9.4 9.5 24.6.1 34z",
            ],
            "iconName": "angle-right",
            "prefix": "fas",
          }
        }
        inverse={false}
        listItem={false}
        mask={null}
        pull={null}
        pulse={false}
        rotation={null}
        size={null}
        spin={false}
        swapOpacity={false}
        symbol={false}
        title=""
        transform={null}
      />
    </span>
  </n>
  <n
    className="dot-grp"
  />
</n>
`;
